This is pdfTeX, Version 3.141592653-2.6-1.40.27 (TeX Live 2025) (preloaded format=pdflatex 2025.10.27)  2 SEP 2026 19:59
entering extended mode
 restricted \write18 enabled.
 file:line:error style messages enabled.
 %&-line parsing enabled.
**00_main
(./00_main.tex
LaTeX2e <2024-11-01> patch level 2
L3 programming layer <2025-01-18>
(./IEEEtran.cls
Document Class: IEEEtran 2015/08/26 V1.8b by Michael Shell
-- See the "IEEEtran_HOWTO" manual for usage information.
-- http://www.michaelshell.org/tex/ieeetran/
\@IEEEtrantmpdimenA=\dimen141
\@IEEEtrantmpdimenB=\dimen142
\@IEEEtrantmpdimenC=\dimen143
\@IEEEtrantmpcountA=\count196
\@IEEEtrantmpcountB=\count197
\@IEEEtrantmpcountC=\count198
\@IEEEtrantmptoksA=\toks17
LaTeX Font Info:    Trying to load font information for OT1+ptm on input line 503.
(e:/Latex/texlive/2025/texmf-dist/tex/latex/psnfss/ot1ptm.fd
File: ot1ptm.fd 2001/06/04 font definitions for OT1/ptm.
)
-- Using 8.5in x 11in (letter) paper.
-- Using PDF output.
\@IEEEnormalsizeunitybaselineskip=\dimen144
-- This is a 10 point document.
\CLASSINFOnormalsizebaselineskip=\dimen145
\CLASSINFOnormalsizeunitybaselineskip=\dimen146
\IEEEnormaljot=\dimen147
LaTeX Font Info:    Font shape `OT1/ptm/bx/n' in size <5> not available
(Font)              Font shape `OT1/ptm/b/n' tried instead on input line 1086.
LaTeX Font Info:    Font shape `OT1/ptm/bx/it' in size <5> not available
(Font)              Font shape `OT1/ptm/b/it' tried instead on input line 1086.
LaTeX Font Info:    Font shape `OT1/ptm/bx/n' in size <7> not available
(Font)              Font shape `OT1/ptm/b/n' tried instead on input line 1086.
LaTeX Font Info:    Font shape `OT1/ptm/bx/it' in size <7> not available
(Font)              Font shape `OT1/ptm/b/it' tried instead on input line 1086.
LaTeX Font Info:    Font shape `OT1/ptm/bx/n' in size <8> not available
(Font)              Font shape `OT1/ptm/b/n' tried instead on input line 1086.
LaTeX Font Info:    Font shape `OT1/ptm/bx/it' in size <8> not available
(Font)              Font shape `OT1/ptm/b/it' tried instead on input line 1086.
LaTeX Font Info:    Font shape `OT1/ptm/bx/n' in size <9> not available
(Font)              Font shape `OT1/ptm/b/n' tried instead on input line 1086.
LaTeX Font Info:    Font shape `OT1/ptm/bx/it' in size <9> not available
(Font)              Font shape `OT1/ptm/b/it' tried instead on input line 1086.
LaTeX Font Info:    Font shape `OT1/ptm/bx/n' in size <10> not available
(Font)              Font shape `OT1/ptm/b/n' tried instead on input line 1086.
LaTeX Font Info:    Font shape `OT1/ptm/bx/it' in size <10> not available
(Font)              Font shape `OT1/ptm/b/it' tried instead on input line 1086.
LaTeX Font Info:    Font shape `OT1/ptm/bx/n' in size <11> not available
(Font)              Font shape `OT1/ptm/b/n' tried instead on input line 1086.
LaTeX Font Info:    Font shape `OT1/ptm/bx/it' in size <11> not available
(Font)              Font shape `OT1/ptm/b/it' tried instead on input line 1086.
LaTeX Font Info:    Font shape `OT1/ptm/bx/n' in size <12> not available
(Font)              Font shape `OT1/ptm/b/n' tried instead on input line 1086.
LaTeX Font Info:    Font shape `OT1/ptm/bx/it' in size <12> not available
(Font)              Font shape `OT1/ptm/b/it' tried instead on input line 1086.
LaTeX Font Info:    Font shape `OT1/ptm/bx/n' in size <18> not available
(Font)              Font shape `OT1/ptm/b/n' tried instead on input line 1086.
LaTeX Font Info:    Font shape `OT1/ptm/bx/it' in size <18> not available
(Font)              Font shape `OT1/ptm/b/it' tried instead on input line 1086.
\IEEEquantizedlength=\dimen148
\IEEEquantizedlengthdiff=\dimen149
\IEEEquantizedtextheightdiff=\dimen150
\IEEEilabelindentA=\dimen151
\IEEEilabelindentB=\dimen152
\IEEEilabelindent=\dimen153
\IEEEelabelindent=\dimen154
\IEEEdlabelindent=\dimen155
\IEEElabelindent=\dimen156
\IEEEiednormlabelsep=\dimen157
\IEEEiedmathlabelsep=\dimen158
\IEEEiedtopsep=\skip49
\c@section=\count199
\c@subsection=\count266
\c@subsubsection=\count267
\c@paragraph=\count268
\c@IEEEsubequation=\count269
\abovecaptionskip=\skip50
\belowcaptionskip=\skip51
\c@figure=\count270
\c@table=\count271
\@IEEEeqnnumcols=\count272
\@IEEEeqncolcnt=\count273
\@IEEEsubeqnnumrollback=\count274
\@IEEEquantizeheightA=\dimen159
\@IEEEquantizeheightB=\dimen160
\@IEEEquantizeheightC=\dimen161
\@IEEEquantizeprevdepth=\dimen162
\@IEEEquantizemultiple=\count275
\@IEEEquantizeboxA=\box52
\@IEEEtmpitemindent=\dimen163
\IEEEPARstartletwidth=\dimen164
\c@IEEEbiography=\count276
\@IEEEtranrubishbin=\box53
) (e:/Latex/texlive/2025/texmf-dist/tex/latex/amsmath/amsmath.sty
Package: amsmath 2024/11/05 v2.17t AMS math features
\@mathmargin=\skip52

For additional information on amsmath, use the `?' option.
(e:/Latex/texlive/2025/texmf-dist/tex/latex/amsmath/amstext.sty
Package: amstext 2021/08/26 v2.01 AMS text
 (e:/Latex/texlive/2025/texmf-dist/tex/latex/amsmath/amsgen.sty
File: amsgen.sty 1999/11/30 v2.0 generic functions
\@emptytoks=\toks18
\ex@=\dimen165
)) (e:/Latex/texlive/2025/texmf-dist/tex/latex/amsmath/amsbsy.sty
Package: amsbsy 1999/11/29 v1.2d Bold Symbols
\pmbraise@=\dimen166
) (e:/Latex/texlive/2025/texmf-dist/tex/latex/amsmath/amsopn.sty
Package: amsopn 2022/04/08 v2.04 operator names
)
\inf@bad=\count277
LaTeX Info: Redefining \frac on input line 233.
\uproot@=\count278
\leftroot@=\count279
LaTeX Info: Redefining \overline on input line 398.
LaTeX Info: Redefining \colon on input line 409.
\classnum@=\count280
\DOTSCASE@=\count281
LaTeX Info: Redefining \ldots on input line 495.
LaTeX Info: Redefining \dots on input line 498.
LaTeX Info: Redefining \cdots on input line 619.
\Mathstrutbox@=\box54
\strutbox@=\box55
LaTeX Info: Redefining \big on input line 721.
LaTeX Info: Redefining \Big on input line 722.
LaTeX Info: Redefining \bigg on input line 723.
LaTeX Info: Redefining \Bigg on input line 724.
\big@size=\dimen167
LaTeX Font Info:    Redeclaring font encoding OML on input line 742.
LaTeX Font Info:    Redeclaring font encoding OMS on input line 743.
\macc@depth=\count282
LaTeX Info: Redefining \bmod on input line 904.
LaTeX Info: Redefining \pmod on input line 909.
LaTeX Info: Redefining \smash on input line 939.
LaTeX Info: Redefining \relbar on input line 969.
LaTeX Info: Redefining \Relbar on input line 970.
\c@MaxMatrixCols=\count283
\dotsspace@=\muskip17
\c@parentequation=\count284
\dspbrk@lvl=\count285
\tag@help=\toks19
\row@=\count286
\column@=\count287
\maxfields@=\count288
\andhelp@=\toks20
\eqnshift@=\dimen168
\alignsep@=\dimen169
\tagshift@=\dimen170
\tagwidth@=\dimen171
\totwidth@=\dimen172
\lineht@=\dimen173
\@envbody=\toks21
\multlinegap=\skip53
\multlinetaggap=\skip54
\mathdisplay@stack=\toks22
LaTeX Info: Redefining \[ on input line 2953.
LaTeX Info: Redefining \] on input line 2954.
) (e:/Latex/texlive/2025/texmf-dist/tex/latex/l3backend/l3backend-pdftex.def
File: l3backend-pdftex.def 2024-05-08 L3 backend support: PDF output (pdfTeX)
\l__color_backend_stack_int=\count289
\l__pdf_internal_box=\box56
)
No file 00_main.aux.
\openout1 = `00_main.aux'.

LaTeX Font Info:    Checking defaults for OML/cmm/m/it on input line 10.
LaTeX Font Info:    ... okay on input line 10.
LaTeX Font Info:    Checking defaults for OMS/cmsy/m/n on input line 10.
LaTeX Font Info:    ... okay on input line 10.
LaTeX Font Info:    Checking defaults for OT1/cmr/m/n on input line 10.
LaTeX Font Info:    ... okay on input line 10.
LaTeX Font Info:    Checking defaults for T1/cmr/m/n on input line 10.
LaTeX Font Info:    ... okay on input line 10.
LaTeX Font Info:    Checking defaults for TS1/cmr/m/n on input line 10.
LaTeX Font Info:    ... okay on input line 10.
LaTeX Font Info:    Checking defaults for OMX/cmex/m/n on input line 10.
LaTeX Font Info:    ... okay on input line 10.
LaTeX Font Info:    Checking defaults for U/cmr/m/n on input line 10.
LaTeX Font Info:    ... okay on input line 10.
-- Lines per column: 58 (exact).
(./sections/01_abstract.tex) (./sections/02_introduction.tex

LaTeX Warning: Citation `carretero2010statistical' on page 1 undefined on input line 10.


LaTeX Warning: Citation `fiche2015xband' on page 1 undefined on input line 10.


LaTeX Warning: Citation `bocquet2022lga' on page 1 undefined on input line 10.


LaTeX Warning: Citation `melief2006seaspikes' on page 1 undefined on input line 10.


LaTeX Warning: Citation `rosenberg2013seaspike' on page 1 undefined on input line 10.


LaTeX Warning: Citation `elfouhaily1997unified' on page 1 undefined on input line 10.


LaTeX Warning: Citation `zhang2023secondorder' on page 1 undefined on input line 10.


LaTeX Warning: Citation `xie2024skewness' on page 1 undefined on input line 10.


LaTeX Warning: Citation `xie2022convolutions' on page 1 undefined on input line 10.




LaTeX Warning: Citation `ye2022improvedTSM' on page 1 undefined on input line 12.


LaTeX Warning: Citation `sergievskaya2024shortwaves' on page 1 undefined on input line 12.


LaTeX Warning: Citation `holliday1998steepening' on page 1 undefined on input line 12.


LaTeX Warning: Citation `sletten2003breaking' on page 1 undefined on input line 12.


LaTeX Warning: Citation `west2002plunging' on page 1 undefined on input line 12.


LaTeX Warning: Citation `west1998mmgtd' on page 1 undefined on input line 12.


LaTeX Warning: Citation `west1999ray' on page 1 undefined on input line 12.


LaTeX Warning: Citation `west2002multipath' on page 1 undefined on input line 12.


LaTeX Warning: Citation `zhao2005spilling' on page 1 undefined on input line 12.


LaTeX Warning: Citation `yang2011breaking' on page 1 undefined on input line 12.


LaTeX Warning: Citation `li2017facet' on page 1 undefined on input line 12.


LaTeX Warning: Citation `dong2023plunging' on page 1 undefined on input line 12.


LaTeX Warning: Citation `west1998mmgtd' on page 1 undefined on input line 14.


LaTeX Warning: Citation `yang2011breaking' on page 1 undefined on input line 14.


LaTeX Warning: Citation `zhang2023secondorder' on page 1 undefined on input line 14.


LaTeX Warning: Citation `li2019fpfsm' on page 1 undefined on input line 14.


LaTeX Warning: Citation `ye2022improvedTSM' on page 1 undefined on input line 14.


LaTeX Warning: Citation `west2002plunging' on page 1 undefined on input line 14.


LaTeX Warning: Citation `west2002multipath' on page 1 undefined on input line 14.


LaTeX Warning: Citation `zhao2005spilling' on page 1 undefined on input line 14.



[1{e:/Latex/texlive/2025/texmf-var/fonts/map/pdftex/updmap/pdftex.map}{e:/Latex/texlive/2025/texmf-dist/fonts/enc/dvips/base/8r.enc}


]

LaTeX Warning: Citation `zhang2023secondorder' on page 2 undefined on input line 16.


LaTeX Warning: Citation `xie2024skewness' on page 2 undefined on input line 16.


LaTeX Warning: Citation `holliday1998steepening' on page 2 undefined on input line 16.


LaTeX Warning: Citation `west1999ray' on page 2 undefined on input line 16.


LaTeX Warning: Citation `li2017facet' on page 2 undefined on input line 16.


LaTeX Warning: Citation `dong2023plunging' on page 2 undefined on input line 16.


LaTeX Warning: Citation `li2017facet' on page 2 undefined on input line 16.


LaTeX Warning: Citation `dong2023plunging' on page 2 undefined on input line 16.


LaTeX Warning: Citation `sergievskaya2024shortwaves' on page 2 undefined on input line 16.


LaTeX Warning: Citation `xie2022convolutions' on page 2 undefined on input line 16.


LaTeX Warning: Citation `zhang2023secondorder' on page 2 undefined on input line 16.


LaTeX Warning: Citation `holliday1998steepening' on page 2 undefined on input line 16.


LaTeX Warning: Citation `li2017facet' on page 2 undefined on input line 16.


LaTeX Warning: Citation `dong2023plunging' on page 2 undefined on input line 16.




LaTeX Warning: Citation `li2019fpfsm' on page 2 undefined on input line 20.


LaTeX Warning: Citation `liu2026parallel' on page 2 undefined on input line 20.


LaTeX Warning: Citation `zhang2024gpu' on page 2 undefined on input line 20.

) (./sections/03_surfacemodeling.tex

LaTeX Warning: Citation `elfouhaily1997unified' on page 2 undefined on input line 40.



[2]

LaTeX Warning: Reference `eq:directional_band_energy_constraint' on page 3 undefined on input line 83.


LaTeX Warning: Reference `eq:localized_curl_framework' on page 3 undefined on input line 104.



) (./00_main.bbl

./00_main.bbl:23: LaTeX Error: Something's wrong--perhaps a missing \item.

See the LaTeX manual or LaTeX Companion for explanation.
Type  H <return>  for immediate help.
 ...                                              
                                                  
l.23 \end{thebibliography}
                          
Try typing  <return>  to proceed.
If that doesn't work, type  X <return>  to quit.

)

[3] (./00_main.aux)
 ***********
LaTeX2e <2024-11-01> patch level 2
L3 programming layer <2025-01-18>
 ***********


LaTeX Warning: There were undefined references.


LaTeX Warning: Label(s) may have changed. Rerun to get cross-references right.

 ) 
Here is how much of TeX's memory you used:
 2032 strings out of 473190
 35670 string characters out of 5716852
 449507 words of memory out of 5000000
 25314 multiletter control sequences out of 15000+600000
 589386 words of font info for 89 fonts, out of 8000000 for 9000
 1141 hyphenation exceptions out of 8191
 56i,17n,65p,2132b,199s stack positions out of 10000i,1000n,20000p,200000b,200000s
<e:/Latex/texlive/2025/texmf-dist/fonts/type1/public/amsfonts/cm/cmex10.pfb><e:/Latex/texlive/2025/texmf-dist/fonts/type1/public/amsfonts/cm/cmmi10.pfb><e:/Latex/texlive/2025/texmf-dist/fonts/type1/public/amsfonts/cm/cmmi5.pfb><e:/Latex/texlive/2025/texmf-dist/fonts/type1/public/amsfonts/cm/cmmi7.pfb><e:/Latex/texlive/2025/texmf-dist/fonts/type1/public/amsfonts/cm/cmmib10.pfb><e:/Latex/texlive/2025/texmf-dist/fonts/type1/public/amsfonts/cmextra/cmmib7.pfb><e:/Latex/texlive/2025/texmf-dist/fonts/type1/public/amsfonts/cm/cmr10.pfb><e:/Latex/texlive/2025/texmf-dist/fonts/type1/public/amsfonts/cm/cmr7.pfb><e:/Latex/texlive/2025/texmf-dist/fonts/type1/public/amsfonts/cm/cmsy10.pfb><e:/Latex/texlive/2025/texmf-dist/fonts/type1/public/amsfonts/cm/cmsy7.pfb><e:/Latex/texlive/2025/texmf-dist/fonts/type1/urw/times/utmb8a.pfb><e:/Latex/texlive/2025/texmf-dist/fonts/type1/urw/times/utmbi8a.pfb><e:/Latex/texlive/2025/texmf-dist/fonts/type1/urw/times/utmr8a.pfb><e:/Latex/texlive/2025/texmf-dist/fonts/type1/urw/times/utmri8a.pfb>
Output written on 00_main.pdf (3 pages, 166295 bytes).
PDF statistics:
 85 PDF objects out of 1000 (max. 8388607)
 51 compressed objects within 1 object stream
 0 named destinations out of 1000 (max. 500000)
 1 words of extra memory for PDF output out of 10000 (max. 10000000)

